OK_CMD: clang=Ubuntu clang version 21.1.8 (6ubuntu1)
OK_CMD: ld=GNU ld (GNU Binutils for Ubuntu) 2.46
OK_CMD: nm=GNU nm (GNU Binutils for Ubuntu) 2.46
OK_CMD: readelf=GNU readelf (GNU Binutils for Ubuntu) 2.46
OK_CMD: objdump=GNU objdump (GNU Binutils for Ubuntu) 2.46
OK_CMD: sha256sum=sha256sum (uutils coreutils) 0.8.0
OK_CMD: make=GNU Make 4.4.1
OK_CMD: qemu-system-x86_64=QEMU emulator version 10.2.1 (Debian 1:10.2.1+ds-1ubuntu3)
OK_DIR: include
OK_DIR: kernel
OK_DIR: tests
OK_DIR: scripts
WARN_DOC_NOT_FOUND_IN_REPO: OS_panduan_M0.md
WARN_DOC_NOT_FOUND_IN_REPO: OS_panduan_M1.md
WARN_DOC_NOT_FOUND_IN_REPO: OS_panduan_M2.md
WARN_DOC_NOT_FOUND_IN_REPO: OS_panduan_M3.md
WARN_DOC_NOT_FOUND_IN_REPO: OS_panduan_M4.md
WARN_DOC_NOT_FOUND_IN_REPO: OS_panduan_M5.md
WARN_DOC_NOT_FOUND_IN_REPO: OS_panduan_M6.md
WARN_DOC_NOT_FOUND_IN_REPO: OS_panduan_M7.md
WARN_DOC_NOT_FOUND_IN_REPO: OS_panduan_M8.md
WARN_DOC_NOT_FOUND_IN_REPO: OS_panduan_M9.md
WARN_DOC_NOT_FOUND_IN_REPO: OS_panduan_M10.md
WARN_DOC_NOT_FOUND_IN_REPO: OS_panduan_M11.md
WARN_DOC_NOT_FOUND_IN_REPO: OS_panduan_M12.md
WARN_DOC_NOT_FOUND_IN_REPO: OS_panduan_M13.md
WARN: working tree tidak bersih; commit atau stash perubahan sebelum final grading
M14_PREFLIGHT_DONE
