limine: Loading executable `boot():/boot/kernel.elf`...
MCSOS 260502 M10 kernel entered
kernel_start=0xffffffff80000000
kernel_end=0xffffffff8022c298
rflags_before_idt=0x0000000000000082
[MCSOS:M5] boot: external interrupt bring-up start
[M4] selftest: IDT invariants passed
[MCSOS:M5] idt: loaded
[MCSOS:M5] pic: remapped; mask master=0x00000000000000fe slave=0x00000000000000ff
[MCSOS:M5] pit: configured 100Hz
[MCSOS:M6] boot: physical memory manager init start
[MCSOS:M6] memory map dari limine:
  region 0: base=0x0000000000001000 len=0x0000000000052000 type=3
  region 1: base=0x0000000000053000 len=0x000000000004c000 type=1
  region 2: base=0x000000000009fc00 len=0x0000000000000400 type=2
  region 3: base=0x00000000000f0000 len=0x0000000000010000 type=2
  region 4: base=0x0000000000100000 len=0x000000000fb00000 type=1
  region 5: base=0x000000000fc00000 len=0x0000000000003000 type=3
  region 6: base=0x000000000fc03000 len=0x000000000022d000 type=4
  region 7: base=0x000000000fe30000 len=0x0000000000014000 type=3
  region 8: base=0x000000000fe44000 len=0x0000000000001000 type=1
  region 9: base=0x000000000fe45000 len=0x0000000000002000 type=3
  region 10: base=0x000000000fe47000 len=0x0000000000002000 type=1
  region 11: base=0x000000000fe49000 len=0x0000000000196000 type=3
  region 12: base=0x000000000ffdf000 len=0x0000000000021000 type=2
  region 13: base=0x00000000b0000000 len=0x0000000010000000 type=2
  region 14: base=0x00000000fd000000 len=0x00000000003e8000 type=5
  region 15: base=0x00000000fed1c000 len=0x0000000000004000 type=2
  region 16: base=0x00000000fffc0000 len=0x0000000000040000 type=2
  region 17: base=0x000000fd00000000 len=0x0000000300000000 type=2
[MCSOS:M6] pmm initialized: frames=16777216 free=64335 used=16712881
[MCSOS:M6] sample frame alloc=0x0000000000053000 -> freed OK
[MCSOS:M6] pmm: ready
[MCSOS:M7] boot: virtual memory manager init start
[MCSOS:M7] hhdm_offset=0xffff800000000000
[MCSOS:M7] vmm initialized: root_paddr=0x0000000000053000
[MCSOS:M7] VMM core initialized
[MCSOS:M7] vmm: ready
[MCSOS:M8] boot: kernel heap init start
[MCSOS:M8] kmem initialized
[MCSOS:M8] heap total=65536 free=65488 largest=65488 blocks=1
[MCSOS:M8] M8 heap ready
[MCSOS:M8] heap: ready
[MCSOS:M9] boot: kernel scheduler init start
[MCSOS:M9] scheduler initialized
[MCSOS:M9] runnable_count=2
[MCSOS:M9] thread A tick
[MCSOS:M9] thread B tick
[MCSOS:M9] thread A tick 2
[MCSOS:M9] thread B tick 2
[MCSOS:M9] context_switches=5
[MCSOS:M9] M9 scheduler checkpoint reached
[MCSOS:M9] scheduler: ready
[MCSOS:M10] boot: kernel syscall init start
[MCSOS:M10] syscall init
[MCSOS:M10] syscall ping ok
[MCSOS:M10] syscall get_ticks=0
[MCSOS:M10] syscall get_ticks ok
[MCSOS:M10] syscall smoke done
[MCSOS:M10] syscall: ready
[MCSOS:M14] boot: block layer init start
[MCSOS:M14] block layer initialized
[MCSOS:M5] sti: enabling interrupts
[MCSOS:TIMER] ticks=100
[MCSOS:TIMER] ticks=200
[MCSOS:TIMER] ticks=300
[MCSOS:TIMER] ticks=400
